# name: test_external_secrets
  '''
  apiVersion: external-secrets.io/v1beta1
  kind: ExternalSecret
  metadata:
    name: app-vault-secret
  spec:
    data:
      - remoteRef:
          key: path/to/secret
          property: key
        secretKey: ENV_VAR
      - remoteRef:
          key: path/to/secret
          property: key.two
        secretKey: key.two
    refreshInterval: 15s
    secretStoreRef:
      kind: SecretStore
      name: vault
    target:
      creationPolicy: Owner
      name: app-vault-secret
  ---
  apiVersion: external-secrets.io/v1beta1
  kind: ExternalSecret
  metadata:
    name: app-db-secret
  spec:
    data:
      - remoteRef:
          key: ${Token[Fn::Join.779]}
          property: username
        secretKey: DB_USER
    refreshInterval: 15s
    secretStoreRef:
      kind: SecretStore
      name: aws-secrets-manager
    target:
      creationPolicy: Owner
      name: app-db-secret
  
  '''
# ---
