# serializer version: 1
# name: test_external_secret_chart
  '''
  apiVersion: external-secrets.io/v1beta1
  kind: SecretStore
  metadata:
    labels:
      app.kubernetes.io/component: external-secrets
      app.kubernetes.io/managed-by: aws-cdk
    name: externalsecretsdeployment-secretstore-c8c6b318
    namespace: test-ns
  spec:
    provider:
      aws:
        auth:
          jwt:
            serviceAccountRef:
              name: SA
        region: eu-west-1
        service: SecretsManager
  ---
  apiVersion: external-secrets.io/v1beta1
  kind: ExternalSecret
  metadata:
    labels:
      app.kubernetes.io/component: external-secrets
      app.kubernetes.io/managed-by: aws-cdk
    name: externalsecretsdepl-db-secret-external-secret-c8e9965e
    namespace: test-ns
  spec:
    data:
      - remoteRef:
          key: db-secret
          property: username
        secretKey: DB_USER
    refreshInterval: 1h
    secretStoreRef:
      kind: SecretStore
      name: externalsecretsdeployment-secretstore-c8c6b318
    target:
      name: db-secret
  
  '''
# ---
