# serializer version: 1
# name: test_external_secret
  '''
  apiVersion: external-secrets.io/v1
  kind: ExternalSecret
  metadata:
    name: externsecretschart-externaldatabasesecret-c8f78b6c
  spec:
    data:
      - remoteRef:
          key: db-secret
          property: username
        secretKey: DB_USER
    refreshInterval: 1h
    secretStoreRef:
      kind: SecretStore
      name: aws-ssm
    target:
      name: database-secret
  
  '''
# ---
